../Middlewares/ST/touchgfx/framework/include/mvp/Presenter.hpp:37:18:virtual void touchgfx::Presenter::activate()	16	static
../Middlewares/ST/touchgfx/framework/include/mvp/Presenter.hpp:47:18:virtual void touchgfx::Presenter::deactivate()	16	static
../Middlewares/ST/touchgfx/framework/include/mvp/Presenter.hpp:52:13:touchgfx::Presenter::~Presenter()	16	static
../Middlewares/ST/touchgfx/framework/include/mvp/Presenter.hpp:52:13:virtual touchgfx::Presenter::~Presenter()	16	static
../Middlewares/ST/touchgfx/framework/include/mvp/Presenter.hpp:58:5:touchgfx::Presenter::Presenter()	16	static
../TouchGFX/gui/include/gui/model/ModelListener.hpp:9:5:ModelListener::ModelListener()	16	static
../TouchGFX/gui/include/gui/model/ModelListener.hpp:11:13:ModelListener::~ModelListener()	16	static
../TouchGFX/gui/include/gui/model/ModelListener.hpp:11:13:virtual ModelListener::~ModelListener()	16	static
../TouchGFX/gui/include/gui/background_screen/backgroundPresenter.hpp:28:13:backgroundPresenter::~backgroundPresenter()	16	static
../TouchGFX/gui/include/gui/background_screen/backgroundPresenter.hpp:28:13:virtual backgroundPresenter::~backgroundPresenter()	16	static
../TouchGFX/gui/src/background_screen/backgroundPresenter.cpp:4:1:backgroundPresenter::backgroundPresenter(backgroundView&)	16	static
../TouchGFX/gui/src/background_screen/backgroundPresenter.cpp:10:6:virtual void backgroundPresenter::activate()	16	static
../TouchGFX/gui/src/background_screen/backgroundPresenter.cpp:15:6:virtual void backgroundPresenter::deactivate()	16	static
