../Drivers/CMSIS/Include/core_cm4.h:2064:26:ITM_SendChar	16	static,ignoring_inline_asm
../Core/Src/main.c:83:5:main	8	static
../Core/Src/main.c:143:6:SystemClock_Config	88	static
../Core/Src/main.c:197:13:MX_CRC_Init	8	static
../Core/Src/main.c:223:13:MX_SPI1_Init	8	static
../Core/Src/main.c:261:13:MX_TIM2_Init	56	static
../Core/Src/main.c:310:13:MX_TIM3_Init	32	static
../Core/Src/main.c:355:13:MX_TIM4_Init	56	static
../Core/Src/main.c:404:13:MX_USART2_UART_Init	8	static
../Core/Src/main.c:435:13:MX_DMA_Init	16	static
../Core/Src/main.c:453:13:MX_GPIO_Init	48	static
../Core/Src/main.c:522:6:HAL_TIM_IC_CaptureCallback	16	static
../Core/Src/main.c:555:5:__io_putchar	16	static
../Core/Src/main.c:565:6:Error_Handler	4	static,ignoring_inline_asm
