../Drivers/CMSIS/Include/core_cm4.h:2064:26:ITM_SendChar	16	static,ignoring_inline_asm
../Core/Src/main.c:85:5:main	8	static
../Core/Src/main.c:146:6:SystemClock_Config	88	static
../Core/Src/main.c:200:13:MX_CRC_Init	8	static
../Core/Src/main.c:226:13:MX_SPI1_Init	8	static
../Core/Src/main.c:264:13:MX_TIM2_Init	56	static
../Core/Src/main.c:313:13:MX_TIM3_Init	32	static
../Core/Src/main.c:358:13:MX_TIM4_Init	56	static
../Core/Src/main.c:407:13:MX_TIM8_Init	80	static
../Core/Src/main.c:472:13:MX_USART2_UART_Init	8	static
../Core/Src/main.c:503:13:MX_DMA_Init	16	static
../Core/Src/main.c:521:13:MX_GPIO_Init	48	static
../Core/Src/main.c:590:6:HAL_TIM_IC_CaptureCallback	16	static
../Core/Src/main.c:623:5:__io_putchar	16	static
../Core/Src/main.c:633:6:Error_Handler	4	static,ignoring_inline_asm
