../Core/Src/z_displ_ILI9XXX.c:53:6:Displ_Select	4	static
../Core/Src/z_displ_ILI9XXX.c:74:6:Displ_Transmit	32	static,ignoring_inline_asm
../Core/Src/z_displ_ILI9XXX.c:138:6:Displ_WriteCommand	16	static
../Core/Src/z_displ_ILI9XXX.c:151:6:Displ_WriteData	24	static
../Core/Src/z_displ_ILI9XXX.c:163:6:ILI9XXX_Init	8	static
../Core/Src/z_displ_ILI9XXX.c:297:6:Displ_SetAddressWindow	24	static
../Core/Src/z_displ_ILI9XXX.c:317:6:Displ_Init	16	static
../Core/Src/z_displ_ILI9XXX.c:341:6:Displ_Orientation	16	static
../Core/Src/z_displ_ILI9XXX.c:373:6:HAL_SPI_ErrorCallback	16	static
../Core/Src/z_displ_ILI9XXX.c:384:6:HAL_SPI_TxCpltCallback	16	static
../Core/Src/z_displ_ILI9XXX.c:404:6:Displ_FillArea	56	static
../Core/Src/z_displ_ILI9XXX.c:1132:11:Displ_BackLight	16	static,ignoring_inline_asm
../Core/Src/z_displ_ILI9XXX.c:1201:5:touchgfxDisplayDriverTransmitActive	4	static
../Core/Src/z_displ_ILI9XXX.c:1215:6:touchgfxDisplayDriverTransmitBlock	32	static
../Core/Src/z_displ_ILI9XXX.c:1231:6:HAL_TIM_PeriodElapsedCallback	16	static
